<html>
<body>
<pre>
<h1>µVision Build Log</h1>
<h2>Tool Versions:</h2>
IDE-Version: ¦ÌVision V5.39.0.0
Copyright (C) 2023 ARM Ltd and ARM Germany GmbH. All rights reserved.
License Information: wang 2977972809@qq.com, jie, LIC=KRMW3-AD7A9-DY9V3-AC219-NV0YI-7015P
 
Tool Versions:
Toolchain:       MDK-ARM Plus  Version: 5.39.0.0
Toolchain Path:  D:\Keil_v5\ARM\ARMCC\Bin
C Compiler:      Armcc.exe V5.06 update 6 (build 750)
Assembler:       Armasm.exe V5.06 update 6 (build 750)
Linker/Locator:  ArmLink.exe V5.06 update 6 (build 750)
Library Manager: ArmAr.exe V5.06 update 6 (build 750)
Hex Converter:   FromElf.exe V5.06 update 6 (build 750)
CPU DLL:         SARMCM3.DLL V5.39.0.0
Dialog DLL:      DCM.DLL V1.17.5.0
Target DLL:      CMSIS_AGDI.dll V1.33.16.0
Dialog DLL:      TCM.DLL V1.56.4.0
 
<h2>Project:</h2>
D:\32\f407\jixiegou\MDK-ARM\jixiegou.uvprojx
Project File Date:  09/11/2026

<h2>Output:</h2>
*** Using Compiler 'V5.06 update 6 (build 750)', folder: 'D:\Keil_v5\ARM\ARMCC\Bin'
Rebuild target 'jixiegou'
Note: source file '..\hardware\TFT\SPI.c' - object file renamed from 'jixiegou\SPI.o' to 'jixiegou\spi_1.o'.
assembling startup_stm32h743xx.s...
compiling stm32h7xx_hal_timebase_tim.c...
compiling system_stm32h7xx.c...
compiling stm32h7xx_ll_exti.c...
compiling stm32h7xx_ll_gpio.c...
compiling stm32h7xx_ll_dma.c...
compiling stm32h7xx_ll_adc.c...
compiling i2c.c...
compiling adc.c...
compiling stm32h7xx_hal_msp.c...
compiling fdcan.c...
compiling dma.c...
compiling tim.c...
compiling main.c...
compiling gpio.c...
compiling spi.c...
compiling stm32h7xx_it.c...
compiling freertos.c...
../Core/Src/freertos.c(809): warning:  #167-D: argument of type "uint8_t *" is incompatible with parameter of type "int8_t *"
  	MPUData_processing(&buf_tx[3],&buf_tx[2]);
../Core/Src/freertos.c(809): warning:  #167-D: argument of type "uint8_t *" is incompatible with parameter of type "int8_t *"
  	MPUData_processing(&buf_tx[3],&buf_tx[2]);
../Core/Src/freertos.c(810): warning:  #167-D: argument of type "uint8_t *" is incompatible with parameter of type "int8_t *"
  	JY61_Data_processing(&buf_tx[5],&buf_tx[4],&buf_tx[7],&buf_tx[6],&buf_tx[9],&buf_tx[8]);
../Core/Src/freertos.c(810): warning:  #167-D: argument of type "uint8_t *" is incompatible with parameter of type "int8_t *"
  	JY61_Data_processing(&buf_tx[5],&buf_tx[4],&buf_tx[7],&buf_tx[6],&buf_tx[9],&buf_tx[8]);
../Core/Src/freertos.c(810): warning:  #167-D: argument of type "uint8_t *" is incompatible with parameter of type "int8_t *"
  	JY61_Data_processing(&buf_tx[5],&buf_tx[4],&buf_tx[7],&buf_tx[6],&buf_tx[9],&buf_tx[8]);
../Core/Src/freertos.c(810): warning:  #167-D: argument of type "uint8_t *" is incompatible with parameter of type "int8_t *"
  	JY61_Data_processing(&buf_tx[5],&buf_tx[4],&buf_tx[7],&buf_tx[6],&buf_tx[9],&buf_tx[8]);
../Core/Src/freertos.c(810): warning:  #167-D: argument of type "uint8_t *" is incompatible with parameter of type "int8_t *"
  	JY61_Data_processing(&buf_tx[5],&buf_tx[4],&buf_tx[7],&buf_tx[6],&buf_tx[9],&buf_tx[8]);
../Core/Src/freertos.c(810): warning:  #167-D: argument of type "uint8_t *" is incompatible with parameter of type "int8_t *"
  	JY61_Data_processing(&buf_tx[5],&buf_tx[4],&buf_tx[7],&buf_tx[6],&buf_tx[9],&buf_tx[8]);
../Core/Src/freertos.c(811): warning:  #167-D: argument of type "uint8_t *" is incompatible with parameter of type "int8_t *"
  	VL53_data_processing_6(&buf_tx[11],&buf_tx[10]);
../Core/Src/freertos.c(811): warning:  #167-D: argument of type "uint8_t *" is incompatible with parameter of type "int8_t *"
  	VL53_data_processing_6(&buf_tx[11],&buf_tx[10]);
../Core/Src/freertos.c(812): warning:  #167-D: argument of type "uint8_t *" is incompatible with parameter of type "int8_t *"
  	VL53_data_processing_7(&buf_tx[13],&buf_tx[12]);
../Core/Src/freertos.c(812): warning:  #167-D: argument of type "uint8_t *" is incompatible with parameter of type "int8_t *"
  	VL53_data_processing_7(&buf_tx[13],&buf_tx[12]);
../Core/Src/freertos.c(813): warning:  #167-D: argument of type "uint8_t *" is incompatible with parameter of type "int8_t *"
  	VL53_data_processing_8(&buf_tx[15],&buf_tx[14]);
../Core/Src/freertos.c(813): warning:  #167-D: argument of type "uint8_t *" is incompatible with parameter of type "int8_t *"
  	VL53_data_processing_8(&buf_tx[15],&buf_tx[14]);
../Core/Src/freertos.c(202): warning:  #177-D: variable "last_x"  was declared but never referenced
  static uint16_t last_x = 0;
../Core/Src/freertos.c(203): warning:  #177-D: variable "last_y"  was declared but never referenced
  static uint16_t last_y = 0;
../Core/Src/freertos.c: 16 warnings, 0 errors
compiling stm32h7xx_ll_rcc.c...
compiling usart.c...
compiling stm32h7xx_ll_utils.c...
compiling stm32h7xx_hal_hsem.c...
compiling stm32h7xx_hal_gpio.c...
compiling stm32h7xx_hal_flash.c...
compiling stm32h7xx_hal_flash_ex.c...
compiling stm32h7xx_hal_pwr.c...
compiling stm32h7xx_hal_mdma.c...
compiling stm32h7xx_hal_cortex.c...
compiling stm32h7xx_hal_dma_ex.c...
compiling stm32h7xx_hal.c...
compiling stm32h7xx_hal_rcc.c...
compiling stm32h7xx_hal_rcc_ex.c...
compiling stm32h7xx_hal_pwr_ex.c...
compiling croutine.c...
compiling event_groups.c...
compiling list.c...
compiling queue.c...
compiling stream_buffer.c...
compiling tasks.c...
compiling timers.c...
compiling stm32h7xx_hal_dma.c...
compiling heap_4.c...
compiling port.c...
compiling stm32h7xx_hal_spi.c...
compiling OLED_Data.c...
compiling stm32h7xx_hal_i2c_ex.c...
compiling stm32h7xx_hal_exti.c...
compiling stm32h7xx_hal_spi_ex.c...
compiling stm32h7xx_hal_fdcan.c...
compiling stm32h7xx_ll_i2c.c...
compiling stm32h7xx_hal_i2c.c...
compiling stm32h7xx_hal_tim_ex.c...
compiling cmsis_os2.c...
compiling stm32h7xx_hal_tim.c...
compiling stm32h7xx_ll_tim.c...
compiling lv_port_fs.c...
compiling lv_disp.c...
compiling lv_event.c...
compiling lv_group.c...
compiling lv_indev.c...
compiling lv_indev_scroll.c...
compiling stm32h7xx_ll_bdma.c...
compiling lv_obj_class.c...
compiling lv_obj.c...
compiling lv_obj_draw.c...
compiling lv_obj_pos.c...
compiling lv_obj_scroll.c...
compiling lv_obj_style.c...
compiling lv_obj_tree.c...
compiling lv_obj_style_gen.c...
compiling lv_refr.c...
compiling lv_gpu_arm2d.c...
compiling lv_draw_pxp.c...
compiling lv_theme.c...
compiling lv_draw_pxp_blend.c...
compiling lv_gpu_nxp_pxp.c...
compiling lv_gpu_nxp_pxp_osa.c...
compiling lv_draw_vglite.c...
compiling lv_draw_vglite_arc.c...
compiling lv_draw_vglite_blend.c...
compiling lv_draw_vglite_line.c...
compiling lv_draw_vglite_rect.c...
compiling lv_vglite_buf.c...
compiling lv_vglite_utils.c...
compiling lv_draw_sdl.c...
compiling lv_gpu_d2_draw_label.c...
compiling lv_gpu_d2_ra6m3.c...
compiling lv_draw_sdl_arc.c...
compiling lv_draw_sdl_bg.c...
compiling lv_draw_sdl_composite.c...
compiling lv_draw_sdl_img.c...
compiling lv_draw_sdl_label.c...
compiling lv_draw_sdl_layer.c...
compiling lv_draw_sdl_line.c...
compiling lv_draw_sdl_mask.c...
compiling lv_draw_sdl_polygon.c...
compiling lv_draw_sdl_rect.c...
compiling lv_draw_sdl_stack_blur.c...
compiling lv_draw_sdl_texture_cache.c...
compiling lv_draw_sdl_utils.c...
compiling lv_gpu_stm32_dma2d.c...
compiling lv_draw_sw.c...
compiling lv_draw_sw_arc.c...
compiling lv_draw_sw_dither.c...
compiling lv_draw_sw_blend.c...
compiling lv_draw_sw_gradient.c...
compiling lv_draw_sw_img.c...
compiling lv_draw_sw_layer.c...
compiling lv_draw_sw_letter.c...
compiling lv_draw_sw_line.c...
compiling lv_draw_sw_polygon.c...
compiling lv_gpu_swm341_dma2d.c...
compiling lv_draw_sw_transform.c...
compiling lv_draw_sw_rect.c...
compiling lv_draw.c...
compiling lv_draw_arc.c...
compiling stm32h7xx_ll_usart.c...
compiling lv_draw_img.c...
compiling lv_draw_layer.c...
compiling lv_draw_label.c...
compiling lv_draw_line.c...
compiling lv_draw_mask.c...
compiling lv_draw_rect.c...
compiling lv_draw_transform.c...
compiling lv_draw_triangle.c...
compiling lv_img_buf.c...
compiling lv_img_cache.c...
compiling lv_img_decoder.c...
compiling lv_flex.c...
compiling lv_grid.c...
compiling lv_bmp.c...
compiling lv_ffmpeg.c...
compiling lv_freetype.c...
compiling lv_fs_fatfs.c...
compiling lv_fs_littlefs.c...
compiling lv_fs_posix.c...
compiling gifdec.c...
compiling lv_fs_stdio.c...
compiling lv_fs_win32.c...
compiling lv_gif.c...
compiling lodepng.c...
compiling lv_png.c...
compiling lv_qrcode.c...
compiling qrcodegen.c...
compiling tjpgd.c...
compiling lv_rlottie.c...
compiling lv_fragment.c...
compiling lv_sjpg.c...
compiling lv_fragment_manager.c...
compiling lv_tiny_ttf.c...
compiling lv_gridnav.c...
compiling lv_ime_pinyin.c...
compiling lv_msg.c...
compiling lv_imgfont.c...
compiling lv_monkey.c...
compiling lv_snapshot.c...
compiling lv_theme_basic.c...
compiling lv_theme_mono.c...
compiling lv_theme_default.c...
compiling lv_animimg.c...
compiling lv_calendar_header_arrow.c...
compiling lv_calendar.c...
compiling lv_calendar_header_dropdown.c...
compiling lv_chart.c...
compiling lv_keyboard.c...
compiling lv_imgbtn.c...
compiling lv_colorwheel.c...
compiling lv_list.c...
compiling lv_led.c...
compiling lv_menu.c...
compiling lv_meter.c...
compiling lv_msgbox.c...
compiling lv_span.c...
compiling lv_spinbox.c...
compiling lv_spinner.c...
compiling lv_tabview.c...
compiling lv_tileview.c...
compiling lv_font.c...
compiling lv_win.c...
compiling lv_extra.c...
compiling lv_font_fmt_txt.c...
compiling lv_font_dejavu_16_persian_hebrew.c...
compiling lv_font_loader.c...
compiling lv_font_montserrat_8.c...
compiling lv_font_montserrat_10.c...
compiling lv_font_montserrat_12.c...
compiling lv_font_montserrat_12_subpx.c...
compiling lv_font_montserrat_14.c...
compiling lv_font_montserrat_16.c...
compiling lv_font_montserrat_18.c...
compiling lv_font_montserrat_20.c...
compiling lv_font_montserrat_22.c...
compiling lv_font_montserrat_24.c...
compiling lv_font_montserrat_26.c...
compiling lv_font_montserrat_28.c...
compiling lv_font_montserrat_28_compressed.c...
compiling lv_font_montserrat_30.c...
compiling lv_font_montserrat_32.c...
compiling lv_font_montserrat_34.c...
compiling lv_font_montserrat_36.c...
compiling lv_font_montserrat_38.c...
compiling lv_font_montserrat_40.c...
compiling lv_font_montserrat_42.c...
compiling lv_font_montserrat_44.c...
compiling lv_font_montserrat_46.c...
compiling lv_font_montserrat_48.c...
compiling lv_font_simsun_16_cjk.c...
compiling lv_font_unscii_8.c...
compiling lv_hal_disp.c...
compiling lv_font_unscii_16.c...
compiling lv_hal_tick.c...
..\LVGL\src\hal\lv_hal_tick.c(78): warning:  #223-D: function "xTaskGetTickCount" declared implicitly
      return LV_TICK_CUSTOM_SYS_TIME_EXPR;
..\LVGL\src\hal\lv_hal_tick.c: 1 warning, 0 errors
compiling lv_hal_indev.c...
compiling lv_anim.c...
compiling lv_anim_timeline.c...
compiling lv_async.c...
compiling lv_area.c...
compiling lv_bidi.c...
compiling lv_color.c...
compiling lv_fs.c...
compiling lv_gc.c...
compiling lv_ll.c...
compiling lv_log.c...
compiling lv_lru.c...
compiling lv_math.c...
compiling lv_printf.c...
compiling lv_mem.c...
compiling lv_style_gen.c...
compiling lv_style.c...
compiling lv_templ.c...
compiling lv_timer.c...
compiling lv_tlsf.c...
compiling lv_utils.c...
compiling lv_txt_ap.c...
compiling lv_txt.c...
compiling lv_btn.c...
compiling lv_arc.c...
compiling lv_bar.c...
compiling lv_btnmatrix.c...
compiling lv_canvas.c...
compiling lv_checkbox.c...
compiling lv_dropdown.c...
compiling lv_img.c...
compiling lv_objx_templ.c...
compiling lv_line.c...
compiling lv_label.c...
compiling lv_roller.c...
compiling lv_slider.c...
compiling lv_switch.c...
compiling lv_table.c...
compiling lv_textarea.c...
compiling OLED.c...
compiling delay.c...
compiling touch.c...
compiling led.c...
compiling lcd.c...
compiling lv_port_disp.c...
..\LVGL\examples\porting\lv_port_disp.c(29): warning:  #1215-D: #warning directive: Please define or replace the macro MY_DISP_HOR_RES with the actual screen width, default value 320 is used for now.
      #warning Please define or replace the macro MY_DISP_HOR_RES with the actual screen width, default value 320 is used for now.
..\LVGL\examples\porting\lv_port_disp.c(34): warning:  #1215-D: #warning directive: Please define or replace the macro MY_DISP_HOR_RES with the actual screen height, default value 480 is used for now.
      #warning Please define or replace the macro MY_DISP_HOR_RES with the actual screen height, default value 480 is used for now.
..\LVGL\examples\porting\lv_port_disp.c(185): warning:  #177-D: function "rgb565_to_rgb666_batch"  was declared but never referenced
  static void rgb565_to_rgb666_batch(lv_color_t *src, u8 *dst, u32 pixel_num)
..\LVGL\examples\porting\lv_port_disp.c: 3 warnings, 0 errors
compiling GUI.c...
compiling lv_port_indev.c...
compiling SPI.c...
compiling sys.c...
compiling HWT101.c...
compiling JY61P.c...
compiling zigbee.c...
..\hardware\DSP\zigbee.c(89): warning:  #167-D: argument of type "volatile uint8_t *" is incompatible with parameter of type "const char *__restrict__"
  					strncpy(Zigbee_extracted_str, &zigbee_rxCmd[le], length);
..\hardware\DSP\zigbee.c: 1 warning, 0 errors
compiling Buzzer.c...
compiling Key.c...
compiling ps2.c...
compiling fatfs.c...
compiling diskio.c...
compiling Tf_SD.c...
..\hardware\TF\Tf_SD.c(115): warning:  #550-D: variable "rxbuff"  was set but never used
      uint8_t rxbuff = 0;
..\hardware\TF\Tf_SD.c: 1 warning, 0 errors
compiling user_diskio.c...
compiling ff.c...
compiling syscall.c...
compiling ff_gen_drv.c...
compiling AS5600.c...
compiling debug_uart.c...
compiling VL53.c...
compiling MyI2C.c...
linking...
Program Size: Code=255208 RO-data=79328 RW-data=976 ZI-data=367200  
FromELF: creating hex file...
"jixiegou\jixiegou.axf" - 0 Error(s), 22 Warning(s).

<h2>Software Packages used:</h2>

Package Vendor: ARM
                http://www.keil.com/pack/ARM.CMSIS.5.9.0.pack
                ARM::CMSIS@5.9.0
                CMSIS (Common Microcontroller Software Interface Standard)
   * Component: CORE Version: 5.6.0

Package Vendor: Keil
                https://www.keil.com/pack/Keil.STM32H7xx_DFP.4.1.3.pack
                Keil::STM32H7xx_DFP@4.1.3
                STMicroelectronics STM32H7 Series Device Support

<h2>Collection of Component include folders:</h2>
  ./RTE/_jixiegou
  D:/Keil_v5/ARM/Packs/ARM/CMSIS/5.9.0/CMSIS/Core/Include

<h2>Collection of Component Files used:</h2>

   * Component: ARM::CMSIS:CORE@5.6.0
      Include file:  CMSIS/Core/Include/tz_context.h
Build Time Elapsed:  00:02:43
</pre>
</body>
</html>
