<html>
<body>
<pre>
<h1>µVision Build Log</h1>
<h2>Tool Versions:</h2>
IDE-Version: ¦ÌVision V5.39.0.0
Copyright (C) 2023 ARM Ltd and ARM Germany GmbH. All rights reserved.
License Information: wang 2977972809@qq.com, jie, LIC=KRMW3-AD7A9-DY9V3-AC219-NV0YI-7015P
 
Tool Versions:
Toolchain:       MDK-ARM Plus  Version: 5.39.0.0
Toolchain Path:  D:\Keil_v5\ARM\ARMCC\Bin
C Compiler:      Armcc.exe V5.06 update 6 (build 750)
Assembler:       Armasm.exe V5.06 update 6 (build 750)
Linker/Locator:  ArmLink.exe V5.06 update 6 (build 750)
Library Manager: ArmAr.exe V5.06 update 6 (build 750)
Hex Converter:   FromElf.exe V5.06 update 6 (build 750)
CPU DLL:         SARMCM3.DLL V5.39.0.0
Dialog DLL:      DCM.DLL V1.17.5.0
Target DLL:      CMSIS_AGDI.dll V1.33.16.0
Dialog DLL:      TCM.DLL V1.56.4.0
 
<h2>Project:</h2>
D:\32\f407\jixiegou\MDK-ARM\jixiegou.uvprojx
Project File Date:  09/12/2026

<h2>Output:</h2>
*** Using Compiler 'V5.06 update 6 (build 750)', folder: 'D:\Keil_v5\ARM\ARMCC\Bin'
Build target 'jixiegou'
Note: source file '..\hardware\TFT\SPI.c' - object file renamed from 'jixiegou\SPI.o' to 'jixiegou\spi_1.o'.
compiling sys.c...
compiling led.c...
compiling stm32h7xx_it.c...
compiling usart.c...
compiling lcd.c...
compiling SPI.c...
compiling main.c...
compiling OLED.c...
compiling freertos.c...
../Core/Src/freertos.c(809): warning:  #167-D: argument of type "uint8_t *" is incompatible with parameter of type "int8_t *"
  	MPUData_processing(&buf_tx[3],&buf_tx[2]);
../Core/Src/freertos.c(809): warning:  #167-D: argument of type "uint8_t *" is incompatible with parameter of type "int8_t *"
  	MPUData_processing(&buf_tx[3],&buf_tx[2]);
../Core/Src/freertos.c(810): warning:  #167-D: argument of type "uint8_t *" is incompatible with parameter of type "int8_t *"
  	JY61_Data_processing(&buf_tx[5],&buf_tx[4],&buf_tx[7],&buf_tx[6],&buf_tx[9],&buf_tx[8]);
../Core/Src/freertos.c(810): warning:  #167-D: argument of type "uint8_t *" is incompatible with parameter of type "int8_t *"
  	JY61_Data_processing(&buf_tx[5],&buf_tx[4],&buf_tx[7],&buf_tx[6],&buf_tx[9],&buf_tx[8]);
../Core/Src/freertos.c(810): warning:  #167-D: argument of type "uint8_t *" is incompatible with parameter of type "int8_t *"
  	JY61_Data_processing(&buf_tx[5],&buf_tx[4],&buf_tx[7],&buf_tx[6],&buf_tx[9],&buf_tx[8]);
../Core/Src/freertos.c(810): warning:  #167-D: argument of type "uint8_t *" is incompatible with parameter of type "int8_t *"
  	JY61_Data_processing(&buf_tx[5],&buf_tx[4],&buf_tx[7],&buf_tx[6],&buf_tx[9],&buf_tx[8]);
../Core/Src/freertos.c(810): warning:  #167-D: argument of type "uint8_t *" is incompatible with parameter of type "int8_t *"
  	JY61_Data_processing(&buf_tx[5],&buf_tx[4],&buf_tx[7],&buf_tx[6],&buf_tx[9],&buf_tx[8]);
../Core/Src/freertos.c(810): warning:  #167-D: argument of type "uint8_t *" is incompatible with parameter of type "int8_t *"
  	JY61_Data_processing(&buf_tx[5],&buf_tx[4],&buf_tx[7],&buf_tx[6],&buf_tx[9],&buf_tx[8]);
../Core/Src/freertos.c(811): warning:  #167-D: argument of type "uint8_t *" is incompatible with parameter of type "int8_t *"
  	VL53_data_processing_6(&buf_tx[11],&buf_tx[10]);
../Core/Src/freertos.c(811): warning:  #167-D: argument of type "uint8_t *" is incompatible with parameter of type "int8_t *"
  	VL53_data_processing_6(&buf_tx[11],&buf_tx[10]);
../Core/Src/freertos.c(812): warning:  #167-D: argument of type "uint8_t *" is incompatible with parameter of type "int8_t *"
  	VL53_data_processing_7(&buf_tx[13],&buf_tx[12]);
../Core/Src/freertos.c(812): warning:  #167-D: argument of type "uint8_t *" is incompatible with parameter of type "int8_t *"
  	VL53_data_processing_7(&buf_tx[13],&buf_tx[12]);
../Core/Src/freertos.c(813): warning:  #167-D: argument of type "uint8_t *" is incompatible with parameter of type "int8_t *"
  	VL53_data_processing_8(&buf_tx[15],&buf_tx[14]);
../Core/Src/freertos.c(813): warning:  #167-D: argument of type "uint8_t *" is incompatible with parameter of type "int8_t *"
  	VL53_data_processing_8(&buf_tx[15],&buf_tx[14]);
../Core/Src/freertos.c(202): warning:  #177-D: variable "last_x"  was declared but never referenced
  static uint16_t last_x = 0;
../Core/Src/freertos.c(203): warning:  #177-D: variable "last_y"  was declared but never referenced
  static uint16_t last_y = 0;
../Core/Src/freertos.c: 16 warnings, 0 errors
compiling lv_port_indev.c...
compiling lv_port_disp.c...
..\LVGL\examples\porting\lv_port_disp.c(29): warning:  #1215-D: #warning directive: Please define or replace the macro MY_DISP_HOR_RES with the actual screen width, default value 320 is used for now.
      #warning Please define or replace the macro MY_DISP_HOR_RES with the actual screen width, default value 320 is used for now.
..\LVGL\examples\porting\lv_port_disp.c(34): warning:  #1215-D: #warning directive: Please define or replace the macro MY_DISP_HOR_RES with the actual screen height, default value 480 is used for now.
      #warning Please define or replace the macro MY_DISP_HOR_RES with the actual screen height, default value 480 is used for now.
..\LVGL\examples\porting\lv_port_disp.c(185): warning:  #177-D: function "rgb565_to_rgb666_batch"  was declared but never referenced
  static void rgb565_to_rgb666_batch(lv_color_t *src, u8 *dst, u32 pixel_num)
..\LVGL\examples\porting\lv_port_disp.c: 3 warnings, 0 errors
compiling GUI.c...
compiling touch.c...
compiling delay.c...
compiling zigbee.c...
..\hardware\DSP\zigbee.c(90): warning:  #167-D: argument of type "volatile uint8_t *" is incompatible with parameter of type "const char *__restrict__"
  					strncpy(Zigbee_extracted_str, &zigbee_rxCmd[le], length);
..\hardware\DSP\zigbee.c: 1 warning, 0 errors
compiling Tf_SD.c...
..\hardware\TF\Tf_SD.c(115): warning:  #550-D: variable "rxbuff"  was set but never used
      uint8_t rxbuff = 0;
..\hardware\TF\Tf_SD.c: 1 warning, 0 errors
compiling MyI2C.c...
compiling modbus_slave.c...
compiling ps2.c...
compiling debug_uart.c...
compiling Buzzer.c...
compiling HWT101.c...
compiling Key.c...
compiling AS5600.c...
compiling user_diskio.c...
compiling JY61P.c...
compiling VL53.c...
linking...
Program Size: Code=255244 RO-data=79332 RW-data=980 ZI-data=367492  
FromELF: creating hex file...
"jixiegou\jixiegou.axf" - 0 Error(s), 21 Warning(s).

<h2>Software Packages used:</h2>

Package Vendor: ARM
                http://www.keil.com/pack/ARM.CMSIS.5.9.0.pack
                ARM::CMSIS@5.9.0
                CMSIS (Common Microcontroller Software Interface Standard)
   * Component: CORE Version: 5.6.0

Package Vendor: Keil
                https://www.keil.com/pack/Keil.STM32H7xx_DFP.4.1.3.pack
                Keil::STM32H7xx_DFP@4.1.3
                STMicroelectronics STM32H7 Series Device Support

<h2>Collection of Component include folders:</h2>
  ./RTE/_jixiegou
  D:/Keil_v5/ARM/Packs/ARM/CMSIS/5.9.0/CMSIS/Core/Include

<h2>Collection of Component Files used:</h2>

   * Component: ARM::CMSIS:CORE@5.6.0
      Include file:  CMSIS/Core/Include/tz_context.h
Build Time Elapsed:  00:02:15
</pre>
</body>
</html>
